2026-09-03T17:38:00.319-05:00  INFO 20008 --- [pagatu-catalogo-ms] [restartedMain] p.e.u.p.PagatuCatalogoMsApplication      : Starting PagatuCatalogoMsApplication using Java 21.0.12 with PID 20008 (C:\Users\SANDRO DRAKE\OneDrive\Desktop\ciclo\pagatu\service\pagatu-catalogo-ms\target\classes started by SANDRO DRAKE in C:\Users\SANDRO DRAKE\OneDrive\Desktop\ciclo\pagatu\service\pagatu-catalogo-ms)
2026-09-03T17:38:00.320-05:00  INFO 20008 --- [pagatu-catalogo-ms] [restartedMain] p.e.u.p.PagatuCatalogoMsApplication      : The following 1 profile is active: "dev"
2026-09-03T17:38:00.323-05:00  INFO 20008 --- [pagatu-catalogo-ms] [restartedMain] o.s.c.c.c.ConfigServerConfigDataLoader   : Fetching config from server at : http://localhost:18888
2026-09-03T17:38:00.323-05:00  INFO 20008 --- [pagatu-catalogo-ms] [restartedMain] o.s.c.c.c.ConfigServerConfigDataLoader   : Located environment: name=pagatu-catalogo-ms, profiles=[default], label=null, version=50efe198667b4b19cf13e526095bd1a5a53650f1, state=
2026-09-03T17:38:00.324-05:00  INFO 20008 --- [pagatu-catalogo-ms] [restartedMain] o.s.c.c.c.ConfigServerConfigDataLoader   : Fetching config from server at : http://localhost:18888
2026-09-03T17:38:00.324-05:00  INFO 20008 --- [pagatu-catalogo-ms] [restartedMain] o.s.c.c.c.ConfigServerConfigDataLoader   : Located environment: name=pagatu-catalogo-ms, profiles=[dev], label=null, version=50efe198667b4b19cf13e526095bd1a5a53650f1, state=
2026-09-03T17:38:00.792-05:00  INFO 20008 --- [pagatu-catalogo-ms] [restartedMain] .s.d.r.c.RepositoryConfigurationDelegate : Bootstrapping Spring Data JPA repositories in DEFAULT mode.
2026-09-03T17:38:00.810-05:00  INFO 20008 --- [pagatu-catalogo-ms] [restartedMain] .s.d.r.c.RepositoryConfigurationDelegate : Finished Spring Data repository scanning in 15 ms. Found 2 JPA repository interfaces.
2026-09-03T17:38:00.952-05:00  INFO 20008 --- [pagatu-catalogo-ms] [restartedMain] o.s.cloud.context.scope.GenericScope     : BeanFactory id=bd6ac93f-ce21-3375-b495-7477411110f6
2026-09-03T17:38:01.182-05:00  INFO 20008 --- [pagatu-catalogo-ms] [restartedMain] o.s.boot.tomcat.TomcatWebServer          : Tomcat initialized with port 8082 (http)
2026-09-03T17:38:01.185-05:00  INFO 20008 --- [pagatu-catalogo-ms] [restartedMain] o.apache.catalina.core.StandardService   : Starting service [Tomcat]
2026-09-03T17:38:01.185-05:00  INFO 20008 --- [pagatu-catalogo-ms] [restartedMain] o.apache.catalina.core.StandardEngine    : Starting Servlet engine: [Apache Tomcat/11.0.22]
2026-09-03T17:38:01.260-05:00  INFO 20008 --- [pagatu-catalogo-ms] [restartedMain] b.w.c.s.WebApplicationContextInitializer : Root WebApplicationContext: initialization completed in 936 ms
2026-09-03T17:38:01.382-05:00  INFO 20008 --- [pagatu-catalogo-ms] [restartedMain] com.zaxxer.hikari.HikariDataSource       : HikariPool-2 - Starting...
2026-09-03T17:38:01.403-05:00  INFO 20008 --- [pagatu-catalogo-ms] [restartedMain] com.zaxxer.hikari.pool.HikariPool        : HikariPool-2 - Added connection org.postgresql.jdbc.PgConnection@1d9de306
2026-09-03T17:38:01.404-05:00  INFO 20008 --- [pagatu-catalogo-ms] [restartedMain] com.zaxxer.hikari.HikariDataSource       : HikariPool-2 - Start completed.
2026-09-03T17:38:01.406-05:00  INFO 20008 --- [pagatu-catalogo-ms] [restartedMain] org.flywaydb.core.FlywayExecutor         : Database: jdbc:postgresql://localhost:15432/pagatu_catalogo_db (PostgreSQL 16.15)
2026-09-03T17:38:01.427-05:00  INFO 20008 --- [pagatu-catalogo-ms] [restartedMain] o.f.core.internal.command.DbValidate     : Successfully validated 1 migration (execution time 00:00.007s)
2026-09-03T17:38:01.461-05:00  INFO 20008 --- [pagatu-catalogo-ms] [restartedMain] o.f.core.internal.command.DbMigrate      : Current version of schema "public": 1
2026-09-03T17:38:01.462-05:00  INFO 20008 --- [pagatu-catalogo-ms] [restartedMain] o.f.core.internal.command.DbMigrate      : Schema "public" is up to date. No migration necessary.
2026-09-03T17:38:01.483-05:00  INFO 20008 --- [pagatu-catalogo-ms] [restartedMain] org.hibernate.orm.jpa                    : HHH008540: Processing PersistenceUnitInfo [name: default]
2026-09-03T17:38:01.560-05:00  INFO 20008 --- [pagatu-catalogo-ms] [restartedMain] o.s.o.j.p.SpringPersistenceUnitInfo      : No LoadTimeWeaver setup: ignoring JPA class transformer
2026-09-03T17:38:01.575-05:00  INFO 20008 --- [pagatu-catalogo-ms] [restartedMain] org.hibernate.orm.connections.pooling    : HHH10001005: Database info:
	Database JDBC URL [jdbc:postgresql://localhost:15432/pagatu_catalogo_db]
	Database driver: PostgreSQL JDBC Driver
	Database dialect: PostgreSQLDialect
	Database version: 16.15
	Default catalog/schema: pagatu_catalogo_db/public
	Autocommit mode: undefined/unknown
	Isolation level: READ_COMMITTED [default READ_COMMITTED]
	JDBC fetch size: none
	Pool: DataSourceConnectionProvider
	Minimum pool size: undefined/unknown
	Maximum pool size: undefined/unknown
2026-09-03T17:38:01.666-05:00  INFO 20008 --- [pagatu-catalogo-ms] [restartedMain] org.hibernate.orm.core                   : HHH000489: No JTA platform available (set 'hibernate.transaction.jta.platform' to enable JTA platform integration)
2026-09-03T17:38:01.705-05:00  INFO 20008 --- [pagatu-catalogo-ms] [restartedMain] j.LocalContainerEntityManagerFactoryBean : Initialized JPA EntityManagerFactory for persistence unit 'default'
2026-09-03T17:38:01.811-05:00  WARN 20008 --- [pagatu-catalogo-ms] [restartedMain] JpaBaseConfiguration$JpaWebConfiguration : spring.jpa.open-in-view is enabled by default. Therefore, database queries may be performed during view rendering. Explicitly configure spring.jpa.open-in-view to disable this warning
2026-09-03T17:38:01.955-05:00  INFO 9372 --- [pagatu-catalogo-ms] [restartedMain] p.e.u.p.PagatuCatalogoMsApplication      : Starting PagatuCatalogoMsApplication using Java 21.0.12 with PID 9372 (C:\Users\SANDRO DRAKE\OneDrive\Desktop\ciclo\pagatu\service\pagatu-catalogo-ms\target\classes started by SANDRO DRAKE in C:\Users\SANDRO DRAKE\OneDrive\Desktop\ciclo\pagatu\service\pagatu-catalogo-ms)
2026-09-03T17:38:01.955-05:00  INFO 9372 --- [pagatu-catalogo-ms] [restartedMain] p.e.u.p.PagatuCatalogoMsApplication      : The following 1 profile is active: "dev"
2026-09-03T17:38:01.958-05:00  INFO 9372 --- [pagatu-catalogo-ms] [restartedMain] o.s.c.c.c.ConfigServerConfigDataLoader   : Fetching config from server at : http://localhost:18888
2026-09-03T17:38:01.958-05:00  INFO 9372 --- [pagatu-catalogo-ms] [restartedMain] o.s.c.c.c.ConfigServerConfigDataLoader   : Located environment: name=pagatu-catalogo-ms, profiles=[default], label=null, version=50efe198667b4b19cf13e526095bd1a5a53650f1, state=
2026-09-03T17:38:01.959-05:00  INFO 9372 --- [pagatu-catalogo-ms] [restartedMain] o.s.c.c.c.ConfigServerConfigDataLoader   : Fetching config from server at : http://localhost:18888
2026-09-03T17:38:01.959-05:00  INFO 9372 --- [pagatu-catalogo-ms] [restartedMain] o.s.c.c.c.ConfigServerConfigDataLoader   : Located environment: name=pagatu-catalogo-ms, profiles=[dev], label=null, version=50efe198667b4b19cf13e526095bd1a5a53650f1, state=
2026-09-03T17:38:02.138-05:00  INFO 20008 --- [pagatu-catalogo-ms] [restartedMain] DiscoveryClientOptionalArgsConfiguration : Eureka HTTP Client uses RestClient.
2026-09-03T17:38:02.157-05:00  WARN 20008 --- [pagatu-catalogo-ms] [restartedMain] iguration$LoadBalancerCaffeineWarnLogger : Spring Cloud LoadBalancer is currently working with the default cache. While this cache implementation is useful for development and tests, it's recommended to use Caffeine cache in production.You can switch to using Caffeine cache, by adding it and org.springframework.cache.caffeine.CaffeineCacheManager to the classpath.
2026-09-03T17:38:02.161-05:00  INFO 20008 --- [pagatu-catalogo-ms] [restartedMain] o.s.b.a.e.web.EndpointLinksResolver      : Exposing 4 endpoints beneath base path '/actuator'
2026-09-03T17:38:02.186-05:00  INFO 20008 --- [pagatu-catalogo-ms] [restartedMain] o.s.c.n.eureka.InstanceInfoFactory       : Setting initial instance status as: STARTING
2026-09-03T17:38:02.189-05:00  INFO 20008 --- [pagatu-catalogo-ms] [restartedMain] com.netflix.discovery.DiscoveryClient    : Initializing Eureka in region us-east-1
2026-09-03T17:38:02.190-05:00  INFO 20008 --- [pagatu-catalogo-ms] [restartedMain] c.n.d.s.r.aws.ConfigClusterResolver      : Resolving eureka endpoints via configuration
2026-09-03T17:38:02.190-05:00  INFO 20008 --- [pagatu-catalogo-ms] [restartedMain] com.netflix.discovery.DiscoveryClient    : Disable delta property : false
2026-09-03T17:38:02.191-05:00  INFO 20008 --- [pagatu-catalogo-ms] [restartedMain] com.netflix.discovery.DiscoveryClient    : Single vip registry refresh property : null
2026-09-03T17:38:02.191-05:00  INFO 20008 --- [pagatu-catalogo-ms] [restartedMain] com.netflix.discovery.DiscoveryClient    : Force full registry fetch : false
2026-09-03T17:38:02.192-05:00  INFO 20008 --- [pagatu-catalogo-ms] [restartedMain] com.netflix.discovery.DiscoveryClient    : Application is null : false
2026-09-03T17:38:02.192-05:00  INFO 20008 --- [pagatu-catalogo-ms] [restartedMain] com.netflix.discovery.DiscoveryClient    : Registered Applications size is zero : true
2026-09-03T17:38:02.192-05:00  INFO 20008 --- [pagatu-catalogo-ms] [restartedMain] com.netflix.discovery.DiscoveryClient    : Application version is -1: true
2026-09-03T17:38:02.192-05:00  INFO 20008 --- [pagatu-catalogo-ms] [restartedMain] com.netflix.discovery.DiscoveryClient    : Getting all instance registry info from the eureka server
2026-09-03T17:38:02.207-05:00  INFO 20008 --- [pagatu-catalogo-ms] [restartedMain] com.netflix.discovery.DiscoveryClient    : The response status is 200
2026-09-03T17:38:02.208-05:00  INFO 20008 --- [pagatu-catalogo-ms] [restartedMain] com.netflix.discovery.DiscoveryClient    : Starting heartbeat executor: renew interval is: 30
2026-09-03T17:38:02.208-05:00  INFO 20008 --- [pagatu-catalogo-ms] [restartedMain] c.n.discovery.InstanceInfoReplicator     : InstanceInfoReplicator onDemand update allowed rate per min is 4
2026-09-03T17:38:02.209-05:00  INFO 20008 --- [pagatu-catalogo-ms] [restartedMain] com.netflix.discovery.DiscoveryClient    : Discovery Client initialized at timestamp 1788475082209 with initial instances count: 0
2026-09-03T17:38:02.211-05:00  INFO 20008 --- [pagatu-catalogo-ms] [restartedMain] o.s.c.n.e.s.EurekaServiceRegistry        : Registering application PAGATU-CATALOGO-MS with eureka with status UP
2026-09-03T17:38:02.212-05:00  INFO 20008 --- [pagatu-catalogo-ms] [restartedMain] com.netflix.discovery.DiscoveryClient    : Saw local status change event StatusChangeEvent [timestamp=1788475082212, current=UP, previous=STARTING]
2026-09-03T17:38:02.212-05:00  INFO 20008 --- [pagatu-catalogo-ms] [DiscoveryClient-InstanceInfoReplicator-%d] com.netflix.discovery.DiscoveryClient    : DiscoveryClient_PAGATU-CATALOGO-MS/pagatu-catalogo-ms:8082: registering service...
2026-09-03T17:38:02.215-05:00  INFO 20008 --- [pagatu-catalogo-ms] [restartedMain] o.s.boot.tomcat.TomcatWebServer          : Tomcat started on port 8082 (http) with context path '/'
2026-09-03T17:38:02.216-05:00  INFO 20008 --- [pagatu-catalogo-ms] [restartedMain] .s.c.n.e.s.EurekaAutoServiceRegistration : Updating port to 8082
2026-09-03T17:38:02.223-05:00  INFO 20008 --- [pagatu-catalogo-ms] [DiscoveryClient-InstanceInfoReplicator-%d] com.netflix.discovery.DiscoveryClient    : DiscoveryClient_PAGATU-CATALOGO-MS/pagatu-catalogo-ms:8082 - registration status: 204
2026-09-03T17:38:02.226-05:00  INFO 20008 --- [pagatu-catalogo-ms] [http-nio-8082-exec-2] o.a.c.c.C.[Tomcat].[localhost].[/]       : Initializing Spring DispatcherServlet 'dispatcherServlet'
2026-09-03T17:38:02.226-05:00  INFO 20008 --- [pagatu-catalogo-ms] [http-nio-8082-exec-2] o.s.web.servlet.DispatcherServlet        : Initializing Servlet 'dispatcherServlet'
2026-09-03T17:38:02.228-05:00  INFO 20008 --- [pagatu-catalogo-ms] [http-nio-8082-exec-2] o.s.web.servlet.DispatcherServlet        : Completed initialization in 2 ms
2026-09-03T17:38:02.230-05:00  INFO 20008 --- [pagatu-catalogo-ms] [restartedMain] p.e.u.p.PagatuCatalogoMsApplication      : Started PagatuCatalogoMsApplication in 6.252 seconds (process running for 1939.311)
2026-09-03T17:38:02.232-05:00  WARN 20008 --- [pagatu-catalogo-ms] [restartedMain] o.s.core.events.SpringDocAppInitializer  : SpringDoc /v3/api-docs endpoint is enabled by default. To disable it in production, set the property 'springdoc.api-docs.enabled=false'
2026-09-03T17:38:02.233-05:00  WARN 20008 --- [pagatu-catalogo-ms] [restartedMain] o.s.core.events.SpringDocAppInitializer  : SpringDoc /swagger-ui.html endpoint is enabled by default. To disable it in production, set the property 'springdoc.swagger-ui.enabled=false'
2026-09-03T17:38:02.235-05:00  INFO 20008 --- [pagatu-catalogo-ms] [restartedMain] .ConditionEvaluationDeltaLoggingListener : Condition evaluation unchanged
2026-09-03T17:38:02.438-05:00  INFO 9372 --- [pagatu-catalogo-ms] [restartedMain] .s.d.r.c.RepositoryConfigurationDelegate : Bootstrapping Spring Data JPA repositories in DEFAULT mode.
2026-09-03T17:38:02.454-05:00  INFO 9372 --- [pagatu-catalogo-ms] [restartedMain] .s.d.r.c.RepositoryConfigurationDelegate : Finished Spring Data repository scanning in 13 ms. Found 2 JPA repository interfaces.
2026-09-03T17:38:02.623-05:00  INFO 9372 --- [pagatu-catalogo-ms] [restartedMain] o.s.cloud.context.scope.GenericScope     : BeanFactory id=bd6ac93f-ce21-3375-b495-7477411110f6
2026-09-03T17:38:02.748-05:00  INFO 9372 --- [pagatu-catalogo-ms] [restartedMain] o.s.boot.tomcat.TomcatWebServer          : Tomcat initialized with port 8081 (http)
2026-09-03T17:38:02.750-05:00  INFO 9372 --- [pagatu-catalogo-ms] [restartedMain] o.apache.catalina.core.StandardService   : Starting service [Tomcat]
2026-09-03T17:38:02.750-05:00  INFO 9372 --- [pagatu-catalogo-ms] [restartedMain] o.apache.catalina.core.StandardEngine    : Starting Servlet engine: [Apache Tomcat/11.0.22]
2026-09-03T17:38:02.794-05:00  INFO 9372 --- [pagatu-catalogo-ms] [restartedMain] b.w.c.s.WebApplicationContextInitializer : Root WebApplicationContext: initialization completed in 834 ms
2026-09-03T17:38:02.918-05:00  INFO 9372 --- [pagatu-catalogo-ms] [restartedMain] com.zaxxer.hikari.HikariDataSource       : HikariPool-2 - Starting...
2026-09-03T17:38:02.941-05:00  INFO 9372 --- [pagatu-catalogo-ms] [restartedMain] com.zaxxer.hikari.pool.HikariPool        : HikariPool-2 - Added connection org.postgresql.jdbc.PgConnection@1647e236
2026-09-03T17:38:02.942-05:00  INFO 9372 --- [pagatu-catalogo-ms] [restartedMain] com.zaxxer.hikari.HikariDataSource       : HikariPool-2 - Start completed.
2026-09-03T17:38:02.945-05:00  INFO 9372 --- [pagatu-catalogo-ms] [restartedMain] org.flywaydb.core.FlywayExecutor         : Database: jdbc:postgresql://localhost:15432/pagatu_catalogo_db (PostgreSQL 16.15)
2026-09-03T17:38:02.987-05:00  INFO 9372 --- [pagatu-catalogo-ms] [restartedMain] o.f.core.internal.command.DbValidate     : Successfully validated 1 migration (execution time 00:00.029s)
2026-09-03T17:38:03.016-05:00  INFO 9372 --- [pagatu-catalogo-ms] [restartedMain] o.f.core.internal.command.DbMigrate      : Current version of schema "public": 1
2026-09-03T17:38:03.017-05:00  INFO 9372 --- [pagatu-catalogo-ms] [restartedMain] o.f.core.internal.command.DbMigrate      : Schema "public" is up to date. No migration necessary.
2026-09-03T17:38:03.040-05:00  INFO 9372 --- [pagatu-catalogo-ms] [restartedMain] org.hibernate.orm.jpa                    : HHH008540: Processing PersistenceUnitInfo [name: default]
2026-09-03T17:38:03.087-05:00  INFO 9372 --- [pagatu-catalogo-ms] [restartedMain] o.s.o.j.p.SpringPersistenceUnitInfo      : No LoadTimeWeaver setup: ignoring JPA class transformer
2026-09-03T17:38:03.094-05:00  INFO 9372 --- [pagatu-catalogo-ms] [restartedMain] org.hibernate.orm.connections.pooling    : HHH10001005: Database info:
	Database JDBC URL [jdbc:postgresql://localhost:15432/pagatu_catalogo_db]
	Database driver: PostgreSQL JDBC Driver
	Database dialect: PostgreSQLDialect
	Database version: 16.15
	Default catalog/schema: pagatu_catalogo_db/public
	Autocommit mode: undefined/unknown
	Isolation level: READ_COMMITTED [default READ_COMMITTED]
	JDBC fetch size: none
	Pool: DataSourceConnectionProvider
	Minimum pool size: undefined/unknown
	Maximum pool size: undefined/unknown
2026-09-03T17:38:03.165-05:00  INFO 9372 --- [pagatu-catalogo-ms] [restartedMain] org.hibernate.orm.core                   : HHH000489: No JTA platform available (set 'hibernate.transaction.jta.platform' to enable JTA platform integration)
2026-09-03T17:38:03.197-05:00  INFO 9372 --- [pagatu-catalogo-ms] [restartedMain] j.LocalContainerEntityManagerFactoryBean : Initialized JPA EntityManagerFactory for persistence unit 'default'
2026-09-03T17:38:03.298-05:00  WARN 9372 --- [pagatu-catalogo-ms] [restartedMain] JpaBaseConfiguration$JpaWebConfiguration : spring.jpa.open-in-view is enabled by default. Therefore, database queries may be performed during view rendering. Explicitly configure spring.jpa.open-in-view to disable this warning
2026-09-03T17:38:03.576-05:00  INFO 9372 --- [pagatu-catalogo-ms] [restartedMain] DiscoveryClientOptionalArgsConfiguration : Eureka HTTP Client uses RestClient.
2026-09-03T17:38:03.593-05:00  WARN 9372 --- [pagatu-catalogo-ms] [restartedMain] iguration$LoadBalancerCaffeineWarnLogger : Spring Cloud LoadBalancer is currently working with the default cache. While this cache implementation is useful for development and tests, it's recommended to use Caffeine cache in production.You can switch to using Caffeine cache, by adding it and org.springframework.cache.caffeine.CaffeineCacheManager to the classpath.
2026-09-03T17:38:03.596-05:00  INFO 9372 --- [pagatu-catalogo-ms] [restartedMain] o.s.b.a.e.web.EndpointLinksResolver      : Exposing 4 endpoints beneath base path '/actuator'
2026-09-03T17:38:03.620-05:00  INFO 9372 --- [pagatu-catalogo-ms] [restartedMain] o.s.c.n.eureka.InstanceInfoFactory       : Setting initial instance status as: STARTING
2026-09-03T17:38:03.623-05:00  INFO 9372 --- [pagatu-catalogo-ms] [restartedMain] com.netflix.discovery.DiscoveryClient    : Initializing Eureka in region us-east-1
2026-09-03T17:38:03.624-05:00  INFO 9372 --- [pagatu-catalogo-ms] [restartedMain] c.n.d.s.r.aws.ConfigClusterResolver      : Resolving eureka endpoints via configuration
2026-09-03T17:38:03.624-05:00  INFO 9372 --- [pagatu-catalogo-ms] [restartedMain] com.netflix.discovery.DiscoveryClient    : Disable delta property : false
2026-09-03T17:38:03.624-05:00  INFO 9372 --- [pagatu-catalogo-ms] [restartedMain] com.netflix.discovery.DiscoveryClient    : Single vip registry refresh property : null
2026-09-03T17:38:03.624-05:00  INFO 9372 --- [pagatu-catalogo-ms] [restartedMain] com.netflix.discovery.DiscoveryClient    : Force full registry fetch : false
2026-09-03T17:38:03.624-05:00  INFO 9372 --- [pagatu-catalogo-ms] [restartedMain] com.netflix.discovery.DiscoveryClient    : Application is null : false
2026-09-03T17:38:03.625-05:00  INFO 9372 --- [pagatu-catalogo-ms] [restartedMain] com.netflix.discovery.DiscoveryClient    : Registered Applications size is zero : true
2026-09-03T17:38:03.625-05:00  INFO 9372 --- [pagatu-catalogo-ms] [restartedMain] com.netflix.discovery.DiscoveryClient    : Application version is -1: true
2026-09-03T17:38:03.625-05:00  INFO 9372 --- [pagatu-catalogo-ms] [restartedMain] com.netflix.discovery.DiscoveryClient    : Getting all instance registry info from the eureka server
2026-09-03T17:38:03.640-05:00  INFO 9372 --- [pagatu-catalogo-ms] [restartedMain] com.netflix.discovery.DiscoveryClient    : The response status is 200
2026-09-03T17:38:03.641-05:00  INFO 9372 --- [pagatu-catalogo-ms] [restartedMain] com.netflix.discovery.DiscoveryClient    : Starting heartbeat executor: renew interval is: 30
2026-09-03T17:38:03.642-05:00  INFO 9372 --- [pagatu-catalogo-ms] [restartedMain] c.n.discovery.InstanceInfoReplicator     : InstanceInfoReplicator onDemand update allowed rate per min is 4
2026-09-03T17:38:03.642-05:00  INFO 9372 --- [pagatu-catalogo-ms] [restartedMain] com.netflix.discovery.DiscoveryClient    : Discovery Client initialized at timestamp 1788475083642 with initial instances count: 0
2026-09-03T17:38:03.644-05:00  INFO 9372 --- [pagatu-catalogo-ms] [restartedMain] o.s.c.n.e.s.EurekaServiceRegistry        : Registering application PAGATU-CATALOGO-MS with eureka with status UP
2026-09-03T17:38:03.644-05:00  INFO 9372 --- [pagatu-catalogo-ms] [restartedMain] com.netflix.discovery.DiscoveryClient    : Saw local status change event StatusChangeEvent [timestamp=1788475083644, current=UP, previous=STARTING]
2026-09-03T17:38:03.645-05:00  INFO 9372 --- [pagatu-catalogo-ms] [DiscoveryClient-InstanceInfoReplicator-%d] com.netflix.discovery.DiscoveryClient    : DiscoveryClient_PAGATU-CATALOGO-MS/pagatu-catalogo-ms:8081: registering service...
2026-09-03T17:38:03.649-05:00  INFO 9372 --- [pagatu-catalogo-ms] [restartedMain] o.s.boot.tomcat.TomcatWebServer          : Tomcat started on port 8081 (http) with context path '/'
2026-09-03T17:38:03.650-05:00  INFO 9372 --- [pagatu-catalogo-ms] [restartedMain] .s.c.n.e.s.EurekaAutoServiceRegistration : Updating port to 8081
2026-09-03T17:38:03.657-05:00  INFO 9372 --- [pagatu-catalogo-ms] [DiscoveryClient-InstanceInfoReplicator-%d] com.netflix.discovery.DiscoveryClient    : DiscoveryClient_PAGATU-CATALOGO-MS/pagatu-catalogo-ms:8081 - registration status: 204
2026-09-03T17:38:03.664-05:00  INFO 9372 --- [pagatu-catalogo-ms] [restartedMain] p.e.u.p.PagatuCatalogoMsApplication      : Started PagatuCatalogoMsApplication in 7.461 seconds (process running for 2044.116)
2026-09-03T17:38:03.666-05:00  WARN 9372 --- [pagatu-catalogo-ms] [restartedMain] o.s.core.events.SpringDocAppInitializer  : SpringDoc /v3/api-docs endpoint is enabled by default. To disable it in production, set the property 'springdoc.api-docs.enabled=false'
2026-09-03T17:38:03.666-05:00  WARN 9372 --- [pagatu-catalogo-ms] [restartedMain] o.s.core.events.SpringDocAppInitializer  : SpringDoc /swagger-ui.html endpoint is enabled by default. To disable it in production, set the property 'springdoc.swagger-ui.enabled=false'
2026-09-03T17:38:03.668-05:00  INFO 9372 --- [pagatu-catalogo-ms] [restartedMain] .ConditionEvaluationDeltaLoggingListener : Condition evaluation unchanged
2026-09-03T17:38:08.145-05:00  INFO 9372 --- [pagatu-catalogo-ms] [http-nio-8081-exec-1] o.a.c.c.C.[Tomcat].[localhost].[/]       : Initializing Spring DispatcherServlet 'dispatcherServlet'
2026-09-03T17:38:08.146-05:00  INFO 9372 --- [pagatu-catalogo-ms] [http-nio-8081-exec-1] o.s.web.servlet.DispatcherServlet        : Initializing Servlet 'dispatcherServlet'
2026-09-03T17:38:08.156-05:00  INFO 9372 --- [pagatu-catalogo-ms] [http-nio-8081-exec-1] o.s.web.servlet.DispatcherServlet        : Completed initialization in 2 ms
2026-09-03T17:38:17.954-05:00  INFO 9372 --- [pagatu-catalogo-ms] [SpringApplicationShutdownHook] o.s.c.n.e.s.EurekaServiceRegistry        : Unregistering application PAGATU-CATALOGO-MS with eureka with status DOWN
2026-09-03T17:38:17.954-05:00  INFO 9372 --- [pagatu-catalogo-ms] [SpringApplicationShutdownHook] com.netflix.discovery.DiscoveryClient    : Saw local status change event StatusChangeEvent [timestamp=1788475097954, current=DOWN, previous=UP]
2026-09-03T17:38:17.955-05:00  INFO 9372 --- [pagatu-catalogo-ms] [DiscoveryClient-InstanceInfoReplicator-%d] com.netflix.discovery.DiscoveryClient    : DiscoveryClient_PAGATU-CATALOGO-MS/pagatu-catalogo-ms:8081: registering service...
2026-09-03T17:38:17.955-05:00  INFO 9372 --- [pagatu-catalogo-ms] [SpringApplicationShutdownHook] o.s.boot.tomcat.GracefulShutdown         : Commencing graceful shutdown. Waiting for active requests to complete
2026-09-03T17:38:17.965-05:00  INFO 9372 --- [pagatu-catalogo-ms] [DiscoveryClient-InstanceInfoReplicator-%d] com.netflix.discovery.DiscoveryClient    : DiscoveryClient_PAGATU-CATALOGO-MS/pagatu-catalogo-ms:8081 - registration status: 204
2026-09-03T17:38:17.968-05:00  INFO 9372 --- [pagatu-catalogo-ms] [tomcat-shutdown] o.s.boot.tomcat.GracefulShutdown         : Graceful shutdown complete
2026-09-03T17:38:17.972-05:00  INFO 9372 --- [pagatu-catalogo-ms] [SpringApplicationShutdownHook] j.LocalContainerEntityManagerFactoryBean : Closing JPA EntityManagerFactory for persistence unit 'default'
2026-09-03T17:38:17.973-05:00  INFO 9372 --- [pagatu-catalogo-ms] [SpringApplicationShutdownHook] com.zaxxer.hikari.HikariDataSource       : HikariPool-2 - Shutdown initiated...
2026-09-03T17:38:17.978-05:00  INFO 9372 --- [pagatu-catalogo-ms] [SpringApplicationShutdownHook] com.zaxxer.hikari.HikariDataSource       : HikariPool-2 - Shutdown completed.
2026-09-03T17:38:17.979-05:00  INFO 9372 --- [pagatu-catalogo-ms] [SpringApplicationShutdownHook] com.netflix.discovery.DiscoveryClient    : Shutting down DiscoveryClient ...
2026-09-03T17:38:20.994-05:00  INFO 9372 --- [pagatu-catalogo-ms] [SpringApplicationShutdownHook] com.netflix.discovery.DiscoveryClient    : Unregistering ...
2026-09-03T17:38:21.015-05:00  INFO 9372 --- [pagatu-catalogo-ms] [SpringApplicationShutdownHook] com.netflix.discovery.DiscoveryClient    : DiscoveryClient_PAGATU-CATALOGO-MS/pagatu-catalogo-ms:8081 - deregister  status: 200
2026-09-03T17:38:21.016-05:00  INFO 9372 --- [pagatu-catalogo-ms] [SpringApplicationShutdownHook] com.netflix.discovery.DiscoveryClient    : Completed shut down of DiscoveryClient
2026-09-03T17:38:32.218-05:00  INFO 20008 --- [pagatu-catalogo-ms] [DiscoveryClient-CacheRefreshExecutor-%d] com.netflix.discovery.DiscoveryClient    : Disable delta property : false
2026-09-03T17:38:32.218-05:00  INFO 20008 --- [pagatu-catalogo-ms] [DiscoveryClient-CacheRefreshExecutor-%d] com.netflix.discovery.DiscoveryClient    : Single vip registry refresh property : null
2026-09-03T17:38:32.218-05:00  INFO 20008 --- [pagatu-catalogo-ms] [DiscoveryClient-CacheRefreshExecutor-%d] com.netflix.discovery.DiscoveryClient    : Force full registry fetch : false
2026-09-03T17:38:32.218-05:00  INFO 20008 --- [pagatu-catalogo-ms] [DiscoveryClient-CacheRefreshExecutor-%d] com.netflix.discovery.DiscoveryClient    : Application is null : false
2026-09-03T17:38:32.218-05:00  INFO 20008 --- [pagatu-catalogo-ms] [DiscoveryClient-CacheRefreshExecutor-%d] com.netflix.discovery.DiscoveryClient    : Registered Applications size is zero : true
2026-09-03T17:38:32.218-05:00  INFO 20008 --- [pagatu-catalogo-ms] [DiscoveryClient-CacheRefreshExecutor-%d] com.netflix.discovery.DiscoveryClient    : Application version is -1: false
2026-09-03T17:38:32.218-05:00  INFO 20008 --- [pagatu-catalogo-ms] [DiscoveryClient-CacheRefreshExecutor-%d] com.netflix.discovery.DiscoveryClient    : Getting all instance registry info from the eureka server
2026-09-03T17:38:32.232-05:00  INFO 20008 --- [pagatu-catalogo-ms] [DiscoveryClient-CacheRefreshExecutor-%d] com.netflix.discovery.DiscoveryClient    : The response status is 200
2026-09-03T17:38:34.578-05:00  INFO 13244 --- [pagatu-catalogo-ms] [restartedMain] p.e.u.p.PagatuCatalogoMsApplication      : Starting PagatuCatalogoMsApplication using Java 21.0.12 with PID 13244 (C:\Users\SANDRO DRAKE\OneDrive\Desktop\ciclo\pagatu\service\pagatu-catalogo-ms\target\classes started by SANDRO DRAKE in C:\Users\SANDRO DRAKE\OneDrive\Desktop\ciclo\pagatu\service\pagatu-catalogo-ms)
2026-09-03T17:38:34.583-05:00  INFO 13244 --- [pagatu-catalogo-ms] [restartedMain] p.e.u.p.PagatuCatalogoMsApplication      : The following 1 profile is active: "dev"
2026-09-03T17:38:34.606-05:00  INFO 13244 --- [pagatu-catalogo-ms] [restartedMain] o.s.c.c.c.ConfigServerConfigDataLoader   : Fetching config from server at : http://localhost:18888
2026-09-03T17:38:34.606-05:00  INFO 13244 --- [pagatu-catalogo-ms] [restartedMain] o.s.c.c.c.ConfigServerConfigDataLoader   : Located environment: name=pagatu-catalogo-ms, profiles=[default], label=null, version=50efe198667b4b19cf13e526095bd1a5a53650f1, state=
2026-09-03T17:38:34.606-05:00  INFO 13244 --- [pagatu-catalogo-ms] [restartedMain] o.s.c.c.c.ConfigServerConfigDataLoader   : Fetching config from server at : http://localhost:18888
2026-09-03T17:38:34.606-05:00  INFO 13244 --- [pagatu-catalogo-ms] [restartedMain] o.s.c.c.c.ConfigServerConfigDataLoader   : Located environment: name=pagatu-catalogo-ms, profiles=[dev], label=null, version=50efe198667b4b19cf13e526095bd1a5a53650f1, state=
2026-09-03T17:38:34.606-05:00  INFO 13244 --- [pagatu-catalogo-ms] [restartedMain] .e.DevToolsPropertyDefaultsPostProcessor : Devtools property defaults active! Set 'spring.devtools.add-properties' to 'false' to disable
2026-09-03T17:38:34.606-05:00  INFO 13244 --- [pagatu-catalogo-ms] [restartedMain] .e.DevToolsPropertyDefaultsPostProcessor : For additional web related logging consider setting the 'logging.level.web' property to 'DEBUG'
2026-09-03T17:38:35.282-05:00  INFO 13244 --- [pagatu-catalogo-ms] [restartedMain] .s.d.r.c.RepositoryConfigurationDelegate : Bootstrapping Spring Data JPA repositories in DEFAULT mode.
2026-09-03T17:38:35.366-05:00  INFO 13244 --- [pagatu-catalogo-ms] [restartedMain] .s.d.r.c.RepositoryConfigurationDelegate : Finished Spring Data repository scanning in 80 ms. Found 2 JPA repository interfaces.
2026-09-03T17:38:35.532-05:00  INFO 13244 --- [pagatu-catalogo-ms] [restartedMain] o.s.cloud.context.scope.GenericScope     : BeanFactory id=bd6ac93f-ce21-3375-b495-7477411110f6
2026-09-03T17:38:35.867-05:00  INFO 13244 --- [pagatu-catalogo-ms] [restartedMain] o.s.boot.tomcat.TomcatWebServer          : Tomcat initialized with port 8081 (http)
2026-09-03T17:38:35.883-05:00  INFO 13244 --- [pagatu-catalogo-ms] [restartedMain] o.apache.catalina.core.StandardService   : Starting service [Tomcat]
2026-09-03T17:38:35.883-05:00  INFO 13244 --- [pagatu-catalogo-ms] [restartedMain] o.apache.catalina.core.StandardEngine    : Starting Servlet engine: [Apache Tomcat/11.0.22]
2026-09-03T17:38:35.915-05:00  INFO 13244 --- [pagatu-catalogo-ms] [restartedMain] b.w.c.s.WebApplicationContextInitializer : Root WebApplicationContext: initialization completed in 1309 ms
2026-09-03T17:38:36.212-05:00  INFO 13244 --- [pagatu-catalogo-ms] [restartedMain] com.zaxxer.hikari.HikariDataSource       : HikariPool-1 - Starting...
2026-09-03T17:38:36.314-05:00  INFO 13244 --- [pagatu-catalogo-ms] [restartedMain] com.zaxxer.hikari.pool.HikariPool        : HikariPool-1 - Added connection org.postgresql.jdbc.PgConnection@4e90d000
2026-09-03T17:38:36.316-05:00  INFO 13244 --- [pagatu-catalogo-ms] [restartedMain] com.zaxxer.hikari.HikariDataSource       : HikariPool-1 - Start completed.
2026-09-03T17:38:36.337-05:00  INFO 13244 --- [pagatu-catalogo-ms] [restartedMain] org.flywaydb.core.FlywayExecutor         : Database: jdbc:postgresql://localhost:15432/pagatu_catalogo_db (PostgreSQL 16.15)
2026-09-03T17:38:36.380-05:00  INFO 13244 --- [pagatu-catalogo-ms] [restartedMain] o.f.core.internal.command.DbValidate     : Successfully validated 1 migration (execution time 00:00.019s)
2026-09-03T17:38:36.455-05:00  INFO 13244 --- [pagatu-catalogo-ms] [restartedMain] o.f.core.internal.command.DbMigrate      : Current version of schema "public": 1
2026-09-03T17:38:36.458-05:00  INFO 13244 --- [pagatu-catalogo-ms] [restartedMain] o.f.core.internal.command.DbMigrate      : Schema "public" is up to date. No migration necessary.
2026-09-03T17:38:36.515-05:00  INFO 13244 --- [pagatu-catalogo-ms] [restartedMain] org.hibernate.orm.jpa                    : HHH008540: Processing PersistenceUnitInfo [name: default]
2026-09-03T17:38:36.568-05:00  INFO 13244 --- [pagatu-catalogo-ms] [restartedMain] org.hibernate.orm.core                   : HHH000001: Hibernate ORM core version 7.2.19.Final
2026-09-03T17:38:36.950-05:00  INFO 13244 --- [pagatu-catalogo-ms] [restartedMain] o.s.o.j.p.SpringPersistenceUnitInfo      : No LoadTimeWeaver setup: ignoring JPA class transformer
2026-09-03T17:38:37.027-05:00  INFO 13244 --- [pagatu-catalogo-ms] [restartedMain] org.hibernate.orm.connections.pooling    : HHH10001005: Database info:
	Database JDBC URL [jdbc:postgresql://localhost:15432/pagatu_catalogo_db]
	Database driver: PostgreSQL JDBC Driver
	Database dialect: PostgreSQLDialect
	Database version: 16.15
	Default catalog/schema: pagatu_catalogo_db/public
	Autocommit mode: undefined/unknown
	Isolation level: READ_COMMITTED [default READ_COMMITTED]
	JDBC fetch size: none
	Pool: DataSourceConnectionProvider
	Minimum pool size: undefined/unknown
	Maximum pool size: undefined/unknown
2026-09-03T17:38:37.670-05:00  INFO 13244 --- [pagatu-catalogo-ms] [restartedMain] org.hibernate.orm.core                   : HHH000489: No JTA platform available (set 'hibernate.transaction.jta.platform' to enable JTA platform integration)
2026-09-03T17:38:37.723-05:00  INFO 13244 --- [pagatu-catalogo-ms] [restartedMain] j.LocalContainerEntityManagerFactoryBean : Initialized JPA EntityManagerFactory for persistence unit 'default'
2026-09-03T17:38:37.786-05:00  INFO 13244 --- [pagatu-catalogo-ms] [restartedMain] o.s.d.j.r.query.QueryEnhancerFactories   : Hibernate is in classpath; If applicable, HQL parser will be used.
2026-09-03T17:38:37.919-05:00  WARN 13244 --- [pagatu-catalogo-ms] [restartedMain] JpaBaseConfiguration$JpaWebConfiguration : spring.jpa.open-in-view is enabled by default. Therefore, database queries may be performed during view rendering. Explicitly configure spring.jpa.open-in-view to disable this warning
2026-09-03T17:38:38.351-05:00  INFO 13244 --- [pagatu-catalogo-ms] [restartedMain] DiscoveryClientOptionalArgsConfiguration : Eureka HTTP Client uses RestClient.
2026-09-03T17:38:38.371-05:00  WARN 13244 --- [pagatu-catalogo-ms] [restartedMain] iguration$LoadBalancerCaffeineWarnLogger : Spring Cloud LoadBalancer is currently working with the default cache. While this cache implementation is useful for development and tests, it's recommended to use Caffeine cache in production.You can switch to using Caffeine cache, by adding it and org.springframework.cache.caffeine.CaffeineCacheManager to the classpath.
2026-09-03T17:38:38.371-05:00  INFO 13244 --- [pagatu-catalogo-ms] [restartedMain] o.s.b.a.e.web.EndpointLinksResolver      : Exposing 4 endpoints beneath base path '/actuator'
2026-09-03T17:38:38.413-05:00  INFO 13244 --- [pagatu-catalogo-ms] [restartedMain] o.s.c.n.eureka.InstanceInfoFactory       : Setting initial instance status as: STARTING
2026-09-03T17:38:38.429-05:00  INFO 13244 --- [pagatu-catalogo-ms] [restartedMain] com.netflix.discovery.DiscoveryClient    : Initializing Eureka in region us-east-1
2026-09-03T17:38:38.429-05:00  INFO 13244 --- [pagatu-catalogo-ms] [restartedMain] c.n.d.s.r.aws.ConfigClusterResolver      : Resolving eureka endpoints via configuration
2026-09-03T17:38:38.445-05:00  INFO 13244 --- [pagatu-catalogo-ms] [restartedMain] com.netflix.discovery.DiscoveryClient    : Disable delta property : false
2026-09-03T17:38:38.445-05:00  INFO 13244 --- [pagatu-catalogo-ms] [restartedMain] com.netflix.discovery.DiscoveryClient    : Single vip registry refresh property : null
2026-09-03T17:38:38.445-05:00  INFO 13244 --- [pagatu-catalogo-ms] [restartedMain] com.netflix.discovery.DiscoveryClient    : Force full registry fetch : false
2026-09-03T17:38:38.445-05:00  INFO 13244 --- [pagatu-catalogo-ms] [restartedMain] com.netflix.discovery.DiscoveryClient    : Application is null : false
2026-09-03T17:38:38.445-05:00  INFO 13244 --- [pagatu-catalogo-ms] [restartedMain] com.netflix.discovery.DiscoveryClient    : Registered Applications size is zero : true
2026-09-03T17:38:38.445-05:00  INFO 13244 --- [pagatu-catalogo-ms] [restartedMain] com.netflix.discovery.DiscoveryClient    : Application version is -1: true
2026-09-03T17:38:38.445-05:00  INFO 13244 --- [pagatu-catalogo-ms] [restartedMain] com.netflix.discovery.DiscoveryClient    : Getting all instance registry info from the eureka server
2026-09-03T17:38:38.677-05:00  INFO 13244 --- [pagatu-catalogo-ms] [restartedMain] com.netflix.discovery.DiscoveryClient    : The response status is 200
2026-09-03T17:38:38.677-05:00  INFO 13244 --- [pagatu-catalogo-ms] [restartedMain] com.netflix.discovery.DiscoveryClient    : Starting heartbeat executor: renew interval is: 30
2026-09-03T17:38:38.688-05:00  INFO 13244 --- [pagatu-catalogo-ms] [restartedMain] c.n.discovery.InstanceInfoReplicator     : InstanceInfoReplicator onDemand update allowed rate per min is 4
2026-09-03T17:38:38.689-05:00  INFO 13244 --- [pagatu-catalogo-ms] [restartedMain] com.netflix.discovery.DiscoveryClient    : Discovery Client initialized at timestamp 1788475118689 with initial instances count: 1
2026-09-03T17:38:38.689-05:00  INFO 13244 --- [pagatu-catalogo-ms] [restartedMain] o.s.c.n.e.s.EurekaServiceRegistry        : Registering application PAGATU-CATALOGO-MS with eureka with status UP
2026-09-03T17:38:38.689-05:00  INFO 13244 --- [pagatu-catalogo-ms] [restartedMain] com.netflix.discovery.DiscoveryClient    : Saw local status change event StatusChangeEvent [timestamp=1788475118689, current=UP, previous=STARTING]
2026-09-03T17:38:38.689-05:00  INFO 13244 --- [pagatu-catalogo-ms] [DiscoveryClient-InstanceInfoReplicator-%d] com.netflix.discovery.DiscoveryClient    : DiscoveryClient_PAGATU-CATALOGO-MS/pagatu-catalogo-ms:8081: registering service...
2026-09-03T17:38:38.704-05:00  INFO 13244 --- [pagatu-catalogo-ms] [restartedMain] o.s.boot.tomcat.TomcatWebServer          : Tomcat started on port 8081 (http) with context path '/'
2026-09-03T17:38:38.704-05:00  INFO 13244 --- [pagatu-catalogo-ms] [restartedMain] .s.c.n.e.s.EurekaAutoServiceRegistration : Updating port to 8081
2026-09-03T17:38:38.704-05:00  INFO 13244 --- [pagatu-catalogo-ms] [DiscoveryClient-InstanceInfoReplicator-%d] com.netflix.discovery.DiscoveryClient    : DiscoveryClient_PAGATU-CATALOGO-MS/pagatu-catalogo-ms:8081 - registration status: 204
2026-09-03T17:38:38.723-05:00  INFO 13244 --- [pagatu-catalogo-ms] [restartedMain] p.e.u.p.PagatuCatalogoMsApplication      : Started PagatuCatalogoMsApplication in 7.756 seconds (process running for 8.269)
2026-09-03T17:38:38.763-05:00  WARN 13244 --- [pagatu-catalogo-ms] [restartedMain] o.s.core.events.SpringDocAppInitializer  : SpringDoc /v3/api-docs endpoint is enabled by default. To disable it in production, set the property 'springdoc.api-docs.enabled=false'
2026-09-03T17:38:38.763-05:00  WARN 13244 --- [pagatu-catalogo-ms] [restartedMain] o.s.core.events.SpringDocAppInitializer  : SpringDoc /swagger-ui.html endpoint is enabled by default. To disable it in production, set the property 'springdoc.swagger-ui.enabled=false'
2026-09-03T17:39:36.884-05:00  INFO 13244 --- [pagatu-catalogo-ms] [http-nio-8081-exec-1] o.a.c.c.C.[Tomcat].[localhost].[/]       : Initializing Spring DispatcherServlet 'dispatcherServlet'
2026-09-03T17:39:36.884-05:00  INFO 13244 --- [pagatu-catalogo-ms] [http-nio-8081-exec-1] o.s.web.servlet.DispatcherServlet        : Initializing Servlet 'dispatcherServlet'
2026-09-03T17:39:36.884-05:00  INFO 13244 --- [pagatu-catalogo-ms] [http-nio-8081-exec-1] o.s.web.servlet.DispatcherServlet        : Completed initialization in 0 ms
2026-09-03T17:43:02.208-05:00  INFO 20008 --- [pagatu-catalogo-ms] [AsyncResolver-bootstrap-executor-%d] c.n.d.s.r.aws.ConfigClusterResolver      : Resolving eureka endpoints via configuration
2026-09-03T17:43:38.468-05:00  INFO 13244 --- [pagatu-catalogo-ms] [AsyncResolver-bootstrap-executor-%d] c.n.d.s.r.aws.ConfigClusterResolver      : Resolving eureka endpoints via configuration
2026-09-03T17:48:02.216-05:00  INFO 20008 --- [pagatu-catalogo-ms] [AsyncResolver-bootstrap-executor-%d] c.n.d.s.r.aws.ConfigClusterResolver      : Resolving eureka endpoints via configuration
2026-09-03T17:48:38.474-05:00  INFO 13244 --- [pagatu-catalogo-ms] [AsyncResolver-bootstrap-executor-%d] c.n.d.s.r.aws.ConfigClusterResolver      : Resolving eureka endpoints via configuration
2026-09-03T17:53:02.223-05:00  INFO 20008 --- [pagatu-catalogo-ms] [AsyncResolver-bootstrap-executor-%d] c.n.d.s.r.aws.ConfigClusterResolver      : Resolving eureka endpoints via configuration
2026-09-03T17:53:38.486-05:00  INFO 13244 --- [pagatu-catalogo-ms] [AsyncResolver-bootstrap-executor-%d] c.n.d.s.r.aws.ConfigClusterResolver      : Resolving eureka endpoints via configuration
2026-09-03T17:58:02.227-05:00  INFO 20008 --- [pagatu-catalogo-ms] [AsyncResolver-bootstrap-executor-%d] c.n.d.s.r.aws.ConfigClusterResolver      : Resolving eureka endpoints via configuration
2026-09-03T17:58:38.487-05:00  INFO 13244 --- [pagatu-catalogo-ms] [AsyncResolver-bootstrap-executor-%d] c.n.d.s.r.aws.ConfigClusterResolver      : Resolving eureka endpoints via configuration
2026-09-03T18:03:02.235-05:00  INFO 20008 --- [pagatu-catalogo-ms] [AsyncResolver-bootstrap-executor-%d] c.n.d.s.r.aws.ConfigClusterResolver      : Resolving eureka endpoints via configuration
2026-09-03T18:03:38.493-05:00  INFO 13244 --- [pagatu-catalogo-ms] [AsyncResolver-bootstrap-executor-%d] c.n.d.s.r.aws.ConfigClusterResolver      : Resolving eureka endpoints via configuration
2026-09-03T18:08:02.236-05:00  INFO 20008 --- [pagatu-catalogo-ms] [AsyncResolver-bootstrap-executor-%d] c.n.d.s.r.aws.ConfigClusterResolver      : Resolving eureka endpoints via configuration
2026-09-03T18:08:38.501-05:00  INFO 13244 --- [pagatu-catalogo-ms] [AsyncResolver-bootstrap-executor-%d] c.n.d.s.r.aws.ConfigClusterResolver      : Resolving eureka endpoints via configuration
2026-09-03T18:13:02.244-05:00  INFO 20008 --- [pagatu-catalogo-ms] [AsyncResolver-bootstrap-executor-%d] c.n.d.s.r.aws.ConfigClusterResolver      : Resolving eureka endpoints via configuration
2026-09-03T18:13:38.508-05:00  INFO 13244 --- [pagatu-catalogo-ms] [AsyncResolver-bootstrap-executor-%d] c.n.d.s.r.aws.ConfigClusterResolver      : Resolving eureka endpoints via configuration
2026-09-03T18:18:02.252-05:00  INFO 20008 --- [pagatu-catalogo-ms] [AsyncResolver-bootstrap-executor-%d] c.n.d.s.r.aws.ConfigClusterResolver      : Resolving eureka endpoints via configuration
2026-09-03T18:18:38.512-05:00  INFO 13244 --- [pagatu-catalogo-ms] [AsyncResolver-bootstrap-executor-%d] c.n.d.s.r.aws.ConfigClusterResolver      : Resolving eureka endpoints via configuration
2026-09-03T18:23:02.265-05:00  INFO 20008 --- [pagatu-catalogo-ms] [AsyncResolver-bootstrap-executor-%d] c.n.d.s.r.aws.ConfigClusterResolver      : Resolving eureka endpoints via configuration
2026-09-03T18:23:38.520-05:00  INFO 13244 --- [pagatu-catalogo-ms] [AsyncResolver-bootstrap-executor-%d] c.n.d.s.r.aws.ConfigClusterResolver      : Resolving eureka endpoints via configuration
2026-09-03T18:28:02.280-05:00  INFO 20008 --- [pagatu-catalogo-ms] [AsyncResolver-bootstrap-executor-%d] c.n.d.s.r.aws.ConfigClusterResolver      : Resolving eureka endpoints via configuration
2026-09-03T18:28:38.530-05:00  INFO 13244 --- [pagatu-catalogo-ms] [AsyncResolver-bootstrap-executor-%d] c.n.d.s.r.aws.ConfigClusterResolver      : Resolving eureka endpoints via configuration
2026-09-03T18:33:02.281-05:00  INFO 20008 --- [pagatu-catalogo-ms] [AsyncResolver-bootstrap-executor-%d] c.n.d.s.r.aws.ConfigClusterResolver      : Resolving eureka endpoints via configuration
2026-09-03T18:33:38.533-05:00  INFO 13244 --- [pagatu-catalogo-ms] [AsyncResolver-bootstrap-executor-%d] c.n.d.s.r.aws.ConfigClusterResolver      : Resolving eureka endpoints via configuration
2026-09-03T18:38:02.291-05:00  INFO 20008 --- [pagatu-catalogo-ms] [AsyncResolver-bootstrap-executor-%d] c.n.d.s.r.aws.ConfigClusterResolver      : Resolving eureka endpoints via configuration
2026-09-03T18:38:38.537-05:00  INFO 13244 --- [pagatu-catalogo-ms] [AsyncResolver-bootstrap-executor-%d] c.n.d.s.r.aws.ConfigClusterResolver      : Resolving eureka endpoints via configuration
2026-09-03T18:43:02.298-05:00  INFO 20008 --- [pagatu-catalogo-ms] [AsyncResolver-bootstrap-executor-%d] c.n.d.s.r.aws.ConfigClusterResolver      : Resolving eureka endpoints via configuration
2026-09-03T18:43:38.541-05:00  INFO 13244 --- [pagatu-catalogo-ms] [AsyncResolver-bootstrap-executor-%d] c.n.d.s.r.aws.ConfigClusterResolver      : Resolving eureka endpoints via configuration
2026-09-03T18:48:02.301-05:00  INFO 20008 --- [pagatu-catalogo-ms] [AsyncResolver-bootstrap-executor-%d] c.n.d.s.r.aws.ConfigClusterResolver      : Resolving eureka endpoints via configuration
2026-09-03T18:48:38.545-05:00  INFO 13244 --- [pagatu-catalogo-ms] [AsyncResolver-bootstrap-executor-%d] c.n.d.s.r.aws.ConfigClusterResolver      : Resolving eureka endpoints via configuration
2026-09-03T18:53:02.302-05:00  INFO 20008 --- [pagatu-catalogo-ms] [AsyncResolver-bootstrap-executor-%d] c.n.d.s.r.aws.ConfigClusterResolver      : Resolving eureka endpoints via configuration
2026-09-03T18:53:38.552-05:00  INFO 13244 --- [pagatu-catalogo-ms] [AsyncResolver-bootstrap-executor-%d] c.n.d.s.r.aws.ConfigClusterResolver      : Resolving eureka endpoints via configuration
2026-09-03T18:58:02.328-05:00  INFO 20008 --- [pagatu-catalogo-ms] [AsyncResolver-bootstrap-executor-%d] c.n.d.s.r.aws.ConfigClusterResolver      : Resolving eureka endpoints via configuration
2026-09-03T18:58:38.559-05:00  INFO 13244 --- [pagatu-catalogo-ms] [AsyncResolver-bootstrap-executor-%d] c.n.d.s.r.aws.ConfigClusterResolver      : Resolving eureka endpoints via configuration
2026-09-03T19:03:02.338-05:00  INFO 20008 --- [pagatu-catalogo-ms] [AsyncResolver-bootstrap-executor-%d] c.n.d.s.r.aws.ConfigClusterResolver      : Resolving eureka endpoints via configuration
2026-09-03T19:03:38.573-05:00  INFO 13244 --- [pagatu-catalogo-ms] [AsyncResolver-bootstrap-executor-%d] c.n.d.s.r.aws.ConfigClusterResolver      : Resolving eureka endpoints via configuration
2026-09-03T19:08:02.341-05:00  INFO 20008 --- [pagatu-catalogo-ms] [AsyncResolver-bootstrap-executor-%d] c.n.d.s.r.aws.ConfigClusterResolver      : Resolving eureka endpoints via configuration
2026-09-03T19:08:38.582-05:00  INFO 13244 --- [pagatu-catalogo-ms] [AsyncResolver-bootstrap-executor-%d] c.n.d.s.r.aws.ConfigClusterResolver      : Resolving eureka endpoints via configuration
2026-09-03T19:13:02.344-05:00  INFO 20008 --- [pagatu-catalogo-ms] [AsyncResolver-bootstrap-executor-%d] c.n.d.s.r.aws.ConfigClusterResolver      : Resolving eureka endpoints via configuration
2026-09-03T19:13:38.596-05:00  INFO 13244 --- [pagatu-catalogo-ms] [AsyncResolver-bootstrap-executor-%d] c.n.d.s.r.aws.ConfigClusterResolver      : Resolving eureka endpoints via configuration
2026-09-03T19:18:02.352-05:00  INFO 20008 --- [pagatu-catalogo-ms] [AsyncResolver-bootstrap-executor-%d] c.n.d.s.r.aws.ConfigClusterResolver      : Resolving eureka endpoints via configuration
2026-09-03T19:18:38.604-05:00  INFO 13244 --- [pagatu-catalogo-ms] [AsyncResolver-bootstrap-executor-%d] c.n.d.s.r.aws.ConfigClusterResolver      : Resolving eureka endpoints via configuration
